bno055_stm32.h:20:6:bno055_assignI2C	16	static
bno055_stm32.h:24:6:bno055_delay	16	static
bno055_stm32.h:32:6:bno055_writeData	40	static
bno055_stm32.h:96:6:bno055_readData	24	static
main.c:81:5:main	128	static
main.c:164:6:SystemClock_Config	72	static
main.c:203:13:MX_I2C1_Init	8	static
main.c:237:13:MX_I2C2_Init	8	static
main.c:271:13:MX_TIM2_Init	64	static
main.c:334:13:MX_TIM3_Init	64	static
main.c:405:13:MX_USART1_UART_Init	8	static
main.c:436:13:MX_DMA_Init	16	static
main.c:463:13:MX_GPIO_Init	24	static
main.c:481:6:Error_Handler	4	static,ignoring_inline_asm
