main.c:83:6:map	24	static
main.c:87:6:negative	24	static
main.c:91:6:rusak	24	static
main.c:101:5:main	16	static
main.c:283:6:SystemClock_Config	72	static
main.c:322:13:MX_I2C1_Init	8	static
main.c:356:13:MX_I2C2_Init	8	static
main.c:390:13:MX_TIM1_Init	96	static
main.c:469:13:MX_TIM2_Init	64	static
main.c:532:13:MX_TIM3_Init	64	static
main.c:604:13:MX_USART1_UART_Init	8	static
main.c:635:13:MX_DMA_Init	16	static
main.c:662:13:MX_GPIO_Init	24	static
main.c:673:6:HAL_UART_RxCpltCallback	16	static
main.c:741:6:setPWMDutyCycle	24	static
main.c:744:6:SetThrusterPWM	56	static
main.c:765:6:Error_Handler	4	static,ignoring_inline_asm
